// Jest Snapshot v1, https://goo.gl/fbAQLP

exports[`<SubMenu/> should make a snapshot 1`] = `
<SubMenu
  catSlug="tw_stock"
  className=""
  leftList={
    Array [
      Object {
        "title": "台指期",
        "url": "http://www.cnyes.com/twstock/index.htm",
      },
      Object {
        "title": "選擇權",
        "url": "http://www.cnyes.com/twstock/index.htm",
      },
      Object {
        "title": "權證",
        "url": "http://www.cnyes.com/warrant/tw/index.htm",
      },
      Object {
        "title": "興櫃",
        "url": "http://www.cnyes.com/presh/index.htm",
      },
      Object {
        "title": "未上市",
        "url": "http://www.cnyes.com/pre/index.htm",
      },
    ]
  }
  newsBaseUrl=""
  request={[Function]}
  title="台股"
  url="http://www.cnyes.com/twstock/index.htm"
>
  <div
    className=""
    onMouseEnter={[Function]}
  >
    <a
      className="submenu-title"
      href="http://www.cnyes.com/twstock/index.htm"
    >
      台股
      <span
        className="with-arrow"
      />
    </a>
    <div
      className="popup theme-popup"
      style={Object {}}
    >
      <nav
        className="link-wrapper theme-link-wrapper"
        style={Object {}}
      >
        <a
          className={null}
          href="http://www.cnyes.com/twstock/index.htm"
          key="0"
          title="台指期"
        >
          台指期
        </a>
        <a
          className={null}
          href="http://www.cnyes.com/twstock/index.htm"
          key="1"
          title="選擇權"
        >
          選擇權
        </a>
        <a
          className={null}
          href="http://www.cnyes.com/warrant/tw/index.htm"
          key="2"
          title="權證"
        >
          權證
        </a>
        <a
          className={null}
          href="http://www.cnyes.com/presh/index.htm"
          key="3"
          title="興櫃"
        >
          興櫃
        </a>
        <a
          className={null}
          href="http://www.cnyes.com/pre/index.htm"
          key="4"
          title="未上市"
        >
          未上市
        </a>
      </nav>
      <nav
        className="news-list theme-news-list"
      >
        <h5>
          新聞頭條
        </h5>
        <a
          href="/news/id/3783319"
          key="3783319"
          rel="noopener noreferrer"
          target="_blank"
          title="〈財部拚稅改〉對個人、營利事業影響都很大 須緊盯七大重點"
        >
          〈財部拚稅改〉對個人、營利事業影響都很大 須緊盯七大重點
        </a>
        <a
          href="/news/id/3783318"
          key="3783318"
          rel="noopener noreferrer"
          target="_blank"
          title="台股盤後－台積電領跌破季線 多方力抗回測壓力 小跌16點下探9700"
        >
          台股盤後－台積電領跌破季線 多方力抗回測壓力 小跌16點下探9700
        </a>
        <a
          href="/news/id/3783271"
          key="3783271"
          rel="noopener noreferrer"
          target="_blank"
          title="高鐵南港轉運站西站明啟用 自強號停靠大增超過百班"
        >
          高鐵南港轉運站西站明啟用 自強號停靠大增超過百班
        </a>
        <a
          href="/news/id/3783232"
          key="3783232"
          rel="noopener noreferrer"
          target="_blank"
          title="美系資料中心訂單動能強 信驊Q2營收將再創高"
        >
          美系資料中心訂單動能強 信驊Q2營收將再創高
        </a>
        <a
          href="/news/id/3783215"
          key="3783215"
          rel="noopener noreferrer"
          target="_blank"
          title="晶技初估Q1匯損逾8000萬 首季每股稅前賺1.15元"
        >
          晶技初估Q1匯損逾8000萬 首季每股稅前賺1.15元
        </a>
        <a
          href="/news/id/3783107"
          key="3783107"
          rel="noopener noreferrer"
          target="_blank"
          title="三大變因 恐成台股上攻絆腳石"
        >
          三大變因 恐成台股上攻絆腳石
        </a>
        <a
          href="/news/id/3783183"
          key="3783183"
          rel="noopener noreferrer"
          target="_blank"
          title="雲縣核准六輕許可證   環團靜坐抗議"
        >
          雲縣核准六輕許可證   環團靜坐抗議
        </a>
        <a
          href="/news/id/3783136"
          key="3783136"
          rel="noopener noreferrer"
          target="_blank"
          title="夏普2016年財報可達標？戴正吳：有信心"
        >
          夏普2016年財報可達標？戴正吳：有信心
        </a>
        <a
          href="/news/id/3783150"
          key="3783150"
          rel="noopener noreferrer"
          target="_blank"
          title="人民幣匯損來襲 弘帆跌出百元俱樂部 股價創一年半新低"
        >
          人民幣匯損來襲 弘帆跌出百元俱樂部 股價創一年半新低
        </a>
        <a
          href="/news/id/3783015"
          key="3783015"
          rel="noopener noreferrer"
          target="_blank"
          title="DRAM價格第二季續旺！惟恐壓縮PC、手機、伺服器系統商獲利"
        >
          DRAM價格第二季續旺！惟恐壓縮PC、手機、伺服器系統商獲利
        </a>
        <a
          href="/news/id/3783128"
          key="3783128"
          rel="noopener noreferrer"
          target="_blank"
          title="台商前進東協拿什麼打仗？IDC：靠「技術破壞者」優勢"
        >
          台商前進東協拿什麼打仗？IDC：靠「技術破壞者」優勢
        </a>
        <a
          href="/news/id/3783130"
          key="3783130"
          rel="noopener noreferrer"
          target="_blank"
          title="鉅橡看旺Q2類載板材料需求 股價逆勢抗震走高"
        >
          鉅橡看旺Q2類載板材料需求 股價逆勢抗震走高
        </a>
        <a
          href="/news/id/3783105"
          key="3783105"
          rel="noopener noreferrer"
          target="_blank"
          title="〈大同董監改選〉市場派新大同提抗告明開庭 公司：深表遺憾、委任律師提答辯"
        >
          〈大同董監改選〉市場派新大同提抗告明開庭 公司：深表遺憾、委任律師提答辯
        </a>
        <a
          href="/news/id/3783101"
          key="3783101"
          rel="noopener noreferrer"
          target="_blank"
          title="破除資源分散疑慮 發揮鴻海合併綜效 夏普擬重返PC市場"
        >
          破除資源分散疑慮 發揮鴻海合併綜效 夏普擬重返PC市場
        </a>
        <a
          href="/news/id/3783102"
          key="3783102"
          rel="noopener noreferrer"
          target="_blank"
          title="台股盤中—新台幣又升+北韓情勢不穩  失守9700點跌破季線"
        >
          台股盤中—新台幣又升+北韓情勢不穩  失守9700點跌破季線
        </a>
        <a
          href="/news/id/3783072"
          key="3783072"
          rel="noopener noreferrer"
          target="_blank"
          title="力成買日封測廠 與美光關係更緊密 股價開盤大漲逼近季線"
        >
          力成買日封測廠 與美光關係更緊密 股價開盤大漲逼近季線
        </a>
        <a
          href="/news/id/3783063"
          key="3783063"
          rel="noopener noreferrer"
          target="_blank"
          title="國泰金：經濟、就業樂觀指數連3月攀高 惟僅5.2%民眾估今年GDP會破2"
        >
          國泰金：經濟、就業樂觀指數連3月攀高 惟僅5.2%民眾估今年GDP會破2
        </a>
        <a
          href="/news/id/3783035"
          key="3783035"
          rel="noopener noreferrer"
          target="_blank"
          title="MLCC報價7年來首調漲 華新科強彈 凱美、智寶續拉第3根漲停"
        >
          MLCC報價7年來首調漲 華新科強彈 凱美、智寶續拉第3根漲停
        </a>
        <a
          href="/news/id/3783059"
          key="3783059"
          rel="noopener noreferrer"
          target="_blank"
          title="台股痛失「千金」 精測股價再重挫跌破千元 波段市值蒸發逾百億"
        >
          台股痛失「千金」 精測股價再重挫跌破千元 波段市值蒸發逾百億
        </a>
        <a
          href="/news/id/3782849"
          key="3782849"
          rel="noopener noreferrer"
          target="_blank"
          title="新世代台商逐鹿東協 掌握6大投資要素最為關鍵"
        >
          新世代台商逐鹿東協 掌握6大投資要素最為關鍵
        </a>
        <a
          href="/news/id/3783012"
          key="3783012"
          rel="noopener noreferrer"
          target="_blank"
          title="晶華首次攜手好市多 開賣冷凍禮盒"
        >
          晶華首次攜手好市多 開賣冷凍禮盒
        </a>
        <a
          href="/news/id/3782008"
          key="3782008"
          rel="noopener noreferrer"
          target="_blank"
          title="鉅亨早報─中國第1季GDP、日央行行長談話"
        >
          鉅亨早報─中國第1季GDP、日央行行長談話
        </a>
        <a
          href="/news/id/3782983"
          key="3782983"
          rel="noopener noreferrer"
          target="_blank"
          title="台灣主要報紙頭條要聞 2017年4月17日"
        >
          台灣主要報紙頭條要聞 2017年4月17日
        </a>
        <a
          href="/news/id/3782987"
          key="3782987"
          rel="noopener noreferrer"
          target="_blank"
          title="台股盤前─報稅季、匯損、北韓局勢多方消息衝擊 大盤盤弱壓力大"
        >
          台股盤前─報稅季、匯損、北韓局勢多方消息衝擊 大盤盤弱壓力大
        </a>
        <a
          href="/news/id/3782776"
          key="3782776"
          rel="noopener noreferrer"
          target="_blank"
          title="全球戰情緊張壓抑台股短線觀望適時汰弱留強"
        >
          全球戰情緊張壓抑台股短線觀望適時汰弱留強
        </a>
        <a
          href="/news/id/3782750"
          key="3782750"
          rel="noopener noreferrer"
          target="_blank"
          title="〈北韓若生戰事〉對雙D市場影響更甚於台灣921地震  「暫停報價」、「一日多市」恐再現"
        >
          〈北韓若生戰事〉對雙D市場影響更甚於台灣921地震  「暫停報價」、「一日多市」恐再現
        </a>
        <a
          href="/news/id/3782714"
          key="3782714"
          rel="noopener noreferrer"
          target="_blank"
          title="〈北韓若生戰事〉供不應求問題擴大 面板價格恐再漲"
        >
          〈北韓若生戰事〉供不應求問題擴大 面板價格恐再漲
        </a>
        <a
          href="/news/id/3782649"
          key="3782649"
          rel="noopener noreferrer"
          target="_blank"
          title="〈名師解盤〉台股上有鍋蓋下有鐵板 只怕狂人失控遭池魚之殃"
        >
          〈名師解盤〉台股上有鍋蓋下有鐵板 只怕狂人失控遭池魚之殃
        </a>
        <a
          href="/news/id/3782690"
          key="3782690"
          rel="noopener noreferrer"
          target="_blank"
          title="〈北韓若生戰事〉若有進一步挑釁 買方恐生恐慌 再推升DRAM價格漲勢"
        >
          〈北韓若生戰事〉若有進一步挑釁 買方恐生恐慌 再推升DRAM價格漲勢
        </a>
        <a
          href="/news/id/3782467"
          key="3782467"
          rel="noopener noreferrer"
          target="_blank"
          title="供不應求！DrameXchange：第二季DRAM報價喊漲12.5%"
        >
          供不應求！DrameXchange：第二季DRAM報價喊漲12.5%
        </a>
      </nav>
    </div>
  </div>
</SubMenu>
`;
