// Jest Snapshot v1, https://goo.gl/fbAQLP

exports[`<SubNavItem /> should make a snapshot 1`] = `
<SubNavItem
  external={true}
  isActive={false}
  isNew={false}
  name="myfunds"
  subItems={
    Array [
      Object {
        "external": true,
        "name": "myInvestment",
        "title": "投資組合分析",
        "url": "/myInvestment/myInvestment.aspx?ga=nav",
      },
      Object {
        "external": true,
        "name": "calcmyfundHTML5",
        "title": "基金透視鏡 ",
        "url": "/calcmyfundHTML5.aspx?ga=nav",
      },
    ]
  }
  title="我的基金"
  url="/MyFunds.aspx"
>
  <span
    className="cat-nav-item"
  >
    <a
      className="with-arrow"
      href="/MyFunds.aspx"
      title="我的基金"
    >
      我的基金
    </a>
    <SubNavItemMenu
      items={
        Array [
          Object {
            "external": true,
            "name": "myInvestment",
            "title": "投資組合分析",
            "url": "/myInvestment/myInvestment.aspx?ga=nav",
          },
          Object {
            "external": true,
            "name": "calcmyfundHTML5",
            "title": "基金透視鏡 ",
            "url": "/calcmyfundHTML5.aspx?ga=nav",
          },
        ]
      }
    >
      <nav
        className="cat-nav-sub-item"
      >
        <a
          href="/myInvestment/myInvestment.aspx?ga=nav"
          key="myInvestment"
          title="投資組合分析"
        >
          投資組合分析
        </a>
        <a
          href="/calcmyfundHTML5.aspx?ga=nav"
          key="calcmyfundHTML5"
          title="基金透視鏡 "
        >
          基金透視鏡 
        </a>
      </nav>
    </SubNavItemMenu>
  </span>
</SubNavItem>
`;
