// Jest Snapshot v1, https://goo.gl/fbAQLP

exports[`Footer component test should be same as snapshot 1`] = `
<Footer
  now={1475251200000}
>
  <div
    className="theme-footer-wrapper"
    id="cnyes-footer-wrapper"
  >
    <footer
      className="main-footer"
    >
      <div
        className="logo"
      >
        <a
          href="/"
        />
      </div>
      <div
        className="nav"
      >
        <nav>
          <a
            href="http://www.cnyes.com/cnyes_about/cnyes_about.html"
            key="footer-nav-about"
            rel="noopener noreferrer"
            target="_blank"
          >
            關於我們
          </a>
          <a
            href="http://www.cnyes.com/cnyes_about/cnyes_AD01.html"
            key="footer-nav-ad"
            rel="noopener noreferrer"
            target="_blank"
          >
            廣告服務
          </a>
          <a
            href="http://www.cnyes.com/cnyes_about/cnyes_pas01.html"
            key="footer-nav-financial"
            rel="noopener noreferrer"
            target="_blank"
          >
            金融資訊元件
          </a>
          <a
            href="http://www.cnyes.com/cnyes_about/cnyes_ctcUsTpe.html"
            key="footer-nav-contact"
            rel="noopener noreferrer"
            target="_blank"
          >
            聯絡我們
          </a>
          <a
            href="http://www.104.com.tw/jobbank/custjob/index.php?r=cust&j=5e6042253446402330683b1d1d1d1d5f2443a363189j01"
            key="footer-nav-job"
            rel="noopener noreferrer"
            target="_blank"
          >
            徵才
          </a>
          <a
            href="http://www.cnyes.com/cnyes_about/site_map.html"
            key="footer-nav-sitemap"
            rel="noopener noreferrer"
            target="_blank"
          >
            網站地圖
          </a>
          <a
            href="http://www.cnyes.com/cnyes_about/cnyes_sos01.html"
            key="footer-nav-legal"
            rel="noopener noreferrer"
            target="_blank"
          >
            法律聲明
          </a>
        </nav>
        <small
          className="copyright"
        >
          © Copyright 2000-
          2016
           cnYES.com All rights reserved. 未經授權 不得轉載
        </small>
        <span
          className="statement"
        >
          <a
            href="https://news.cnyes.com/news/id/3919817"
            rel="noopener noreferrer"
            target="_blank"
          >
            鉅亨網重大聲明
          </a>
        </span>
      </div>
      <div
        className="socials"
      >
        <div
          className="social-item"
          key="footer-socials-facebook"
        >
          <div
            className="title"
          >
            粉 絲 團
          </div>
          <a
            className="social-icon cnyes-media-facebook"
            href="https://www.facebook.com/cnYES/"
            rel="noopener noreferrer"
            target="_blank"
          >
            粉 絲 團
          </a>
        </div>
        <div
          className="social-item"
          key="footer-socials-line"
        >
          <div
            className="title"
          >
            鉅亨網Line
          </div>
          <a
            className="social-icon cnyes-media-line"
            href="https://line.me/ti/p/@ZLU0489G"
            rel="noopener noreferrer"
            target="_blank"
          >
            鉅亨網Line
          </a>
        </div>
        <div
          className="social-item"
          key="footer-socials-app"
        >
          <div
            className="title"
          >
            鉅亨網APP
          </div>
          <a
            className="social-icon cnyes-media-app"
            href="http://www.cnyes.com/app?utm_source=cnyes&utm_medium=desktop&utm_campaign=desktop_footer"
            rel="noopener noreferrer"
            target="_blank"
          >
            鉅亨網APP
          </a>
        </div>
      </div>
    </footer>
  </div>
</Footer>
`;
